// Jest Snapshot v1, https://goo.gl/fbAQLP

exports[`Game renders a game 1`] = `
<div
  className="game"
>
  <span
    className="individualhistory"
  >
    date: Monday
  </span>
  <span
    className="individualhistory"
  >
    time taken: 3 seconds
  </span>
  <span
    className="individualhistory"
  >
    WPM: 15
  </span>
  <span
    className="individualhistory"
  >
    accuracy: 100%
  </span>
  <span
    className="individualhistory"
  >
    mistakes: 0
  </span>
  <span
    className="individualhistory"
  >
    words typed: 4
  </span>
  <span
    className="individualhistory"
  >
    letters typed: 20
  </span>
</div>
`;
