// Jest Snapshot v1, https://goo.gl/fbAQLP

exports[`Game renders a game 1`] = `
Array [
  <tr>
    <th>
      <div>
        Date
      </div>
    </th>
    <th>
      <div>
        Time
      </div>
    </th>
    <th>
      <div>
        WPM
      </div>
    </th>
    <th>
      <div>
        Accuracy
      </div>
    </th>
    <th>
      <div>
        Mistakes
      </div>
    </th>
    <th>
      <div>
        Words
      </div>
    </th>
    <th>
      <div>
        Letters
      </div>
    </th>
  </tr>,
  <tr>
    <td>
      Monday
    </td>
    <td>
      3 seconds
    </td>
    <td>
      15
    </td>
    <td>
      100%
    </td>
    <td>
      0
    </td>
    <td>
      4
    </td>
    <td>
      20
    </td>
  </tr>,
]
`;
