// Jest Snapshot v1, https://goo.gl/fbAQLP

exports[`GameStats renders the expected game stats 1`] = `
<div>
  <div>
    words typed: 3
  </div>
  <div>
    WPM: 3
  </div>
  <div>
    time: 60 seconds
  </div>
  <div>
    incorrect letters: 3
  </div>
  <div>
    accuracy: 70.0%
  </div>
</div>
`;
