// Jest Snapshot v1, https://goo.gl/fbAQLP

exports[`GameStats renders the expected game stats 1`] = `
<div>
  <div>
    words typed: 11
  </div>
  <div>
    WPM: 33
  </div>
  <div>
    time: 15 seconds
  </div>
  <div>
    mistakes: 3
  </div>
  <div>
    accuracy: 92.6829268292683%
  </div>
</div>
`;
